[nixsrv.com/llthw.html]
[backblue.gif]
[fade.gif]
[index.html]
[nixsrv.com/lib/exe/opensearch.php]
[nixsrv.com/llthwdecf.html]
[nixsrv.com/index.html]
[nixsrv.com/feed.php]
[nixsrv.com/feed8be0.php]
[nixsrv.com/_export/xhtml/llthw.html]
[nixsrv.com/_export/raw/llthw.txt]
[nixsrv.com/lib/exe/css0130.css]
[nixsrv.com/lib/exe/js15ee.php]
[nixsrv.com/lib/tpl/vector/static/3rd/dokuwiki/favicon.ico]
[nixsrv.com/lib/tpl/vector/static/3rd/dokuwiki/apple-touch-icon.png]
[nixsrv.com/lib/tpl/vector/user/user.js]
[nixsrv.com/llthw/ex0.html]
[nixsrv.com/llthw/ex1.html]
[nixsrv.com/llthw/ex2.html]
[nixsrv.com/llthw/ex3.html]
[nixsrv.com/llthw/ex4.html]
[nixsrv.com/llthw/ex5.html]
[nixsrv.com/llthw/ex6.html]
[nixsrv.com/llthw/ex7.html]
[nixsrv.com/llthw/ex8.html]
[nixsrv.com/llthw/ex9.html]
[nixsrv.com/llthw/ex10.html]
[nixsrv.com/llthw/ex11.html]
[nixsrv.com/llthw/ex12.html]
[nixsrv.com/llthw/ex13.html]
[nixsrv.com/llthw/ex14.html]
[nixsrv.com/llthw/ex15.html]
[nixsrv.com/llthw/ex16.html]
[nixsrv.com/llthw/ex17.html]
[nixsrv.com/llthw/ex18.html]
[nixsrv.com/llthw/ex19.html]
[nixsrv.com/llthw/ex20.html]
[nixsrv.com/llthw/ex21.html]
[nixsrv.com/llthw/ex22.html]
[nixsrv.com/llthw/ex23.html]
[nixsrv.com/llthw/ex24.html]
[nixsrv.com/llthw/ex25.html]
[nixsrv.com/llthw/ex26.html]
[nixsrv.com/llthw/ex27.html]
[nixsrv.com/llthw/ex28.html]
[nixsrv.com/llthw/ex29.html]
[nixsrv.com/llthw/ex30.html]
[nixsrv.com/llthw/next.html]
[nixsrv.com/kitten/index.html]
[nixsrv.com/_detail/llthw/howtohackdb6581.html]
[nixsrv.com/_media/llthw/howtohackdb.png_;]
[nixsrv.com/start.html]
[nixsrv.com/lib/tpl/vector/static/3rd/dokuwiki/logo.png]
[nixsrv.com/llthw.html]
[nixsrv.com/lib/exe/indexer02b6.gif]
[nixsrv.com/startdecf.html]
[nixsrv.com/_export/xhtml/start.html]
[nixsrv.com/_export/raw/start.txt]
[nixsrv.com/doc/apparmor.html]
[nixsrv.com/doc/aptitude.html]
[nixsrv.com/doc/arp.html]
[nixsrv.com/doc/awk.html]
[nixsrv.com/indexe076.html]
[nixsrv.com/doc/chef.html]
[nixsrv.com/doc/chef_ruby.html]
[nixsrv.com/doc/cryptsetup_luks.html]
[nixsrv.com/doc/diskless_ubuntu.html]
[nixsrv.com/doc/drbd.html]
[nixsrv.com/doc/emacs_config.html]
[nixsrv.com/doc/email_notify_login.html]
[nixsrv.com/doc/git.html]
[nixsrv.com/doc/gmail_monospaced_font.html]
[nixsrv.com/doc/grub.html]
[nixsrv.com/doc/gvim.html]
[nixsrv.com/doc/iptables.html]
[nixsrv.com/doc/irssi.html]
[nixsrv.com/doc/jails.html]
[nixsrv.com/doc/kvm.html]
[nixsrv.com/doc/lbdbq.html]
[nixsrv.com/doc/luks.html]
[nixsrv.com/doc/lxc.html]
[nixsrv.com/doc/mdadm.html]
[nixsrv.com/doc/mount.html]
[nixsrv.com/doc/ocfs2.html]
[nixsrv.com/doc/openldap.html]
[nixsrv.com/doc/openvpn.html]
[nixsrv.com/doc/postgresql.html]
[nixsrv.com/doc/rt_installation.html]
[nixsrv.com/doc/selinux.html]
[nixsrv.com/doc/sendmail.html]
[nixsrv.com/doc/server_interaction.html]
[nixsrv.com/doc/snoopylogger.html]
[nixsrv.com/doc/sqlite.html]
[nixsrv.com/doc/srv_doc_template.html]
[nixsrv.com/doc/srv_monitoring_example.html]
[nixsrv.com/doc/srv_proxmox.html]
[nixsrv.com/doc/ssh.html]
[nixsrv.com/doc/sysdig_auditd.html]
[nixsrv.com/doc/thunderbird.html]
[nixsrv.com/doc/vimrc.html]
[nixsrv.com/doc/wordpress_update_via_ssh.html]
[nixsrv.com/doc/xvfb.html]
[nixsrv.com/doc/zabbix.html]
[nixsrv.com/shell/256colors.html]
[nixsrv.com/shell/bash.html]
[nixsrv.com/shell/command_list.html]
[nixsrv.com/shell/filters.html]
[nixsrv.com/shell/man_colors.html]
[nixsrv.com/shell/screen.html]
[nixsrv.com/shell/spellbook.html]
[nixsrv.com/shell/tmux.html]
[nixsrv.com/py/classes.html]
[nixsrv.com/py/dictionaries.html]
[nixsrv.com/py/main.html]
[nixsrv.com/py/symbols.html]
[nixsrv.com/scripts/cputime_total.html]
[nixsrv.com/scripts/launcher.html]
[nixsrv.com/scripts/p2v.html]
[nixsrv.com/scripts/rsync_backup.html]
[nixsrv.com/scripts/vim_keymap.html]
[nixsrv.com/scripts/vm_console.html]
[nixsrv.com/snippets/docuwiki.html]
[nixsrv.com/playground/playground.html]
[nixsrv.com/index.html]
[nixsrv.com/llthwdecf.html]
[nixsrv.com/_export/xhtml/llthw.html]
[nixsrv.com/lib/exe/indexerccbc.gif]
[nixsrv.com/lib/images/interwiki.png]
[nixsrv.com/lib/images/interwiki/wp.gif]
[nixsrv.com/lib/images/interwiki/wpfr.gif]
[nixsrv.com/lib/images/interwiki/wpde.gif]
[nixsrv.com/lib/images/interwiki/wpes.gif]
[nixsrv.com/lib/images/interwiki/wppl.gif]
[nixsrv.com/lib/images/interwiki/wpjp.gif]
[nixsrv.com/lib/images/interwiki/wpmeta.gif]
[nixsrv.com/lib/images/interwiki/doku.gif]
[nixsrv.com/lib/images/interwiki/dokubug.gif]
[nixsrv.com/lib/images/interwiki/amazon.gif]
[nixsrv.com/lib/images/interwiki/amazon.de.gif]
[nixsrv.com/lib/images/interwiki/amazon.uk.gif]
[nixsrv.com/lib/images/interwiki/paypal.gif]
[nixsrv.com/lib/images/interwiki/phpfn.gif]
[nixsrv.com/lib/images/interwiki/coral.gif]
[nixsrv.com/lib/images/interwiki/sb.gif]
[nixsrv.com/lib/images/interwiki/skype.png]
[nixsrv.com/lib/images/interwiki/callto.gif]
[nixsrv.com/lib/images/interwiki/google.gif]
[nixsrv.com/lib/images/interwiki/meatball.gif]
[nixsrv.com/lib/images/interwiki/wiki.gif]
[nixsrv.com/lib/images/fileicons/file.png]
[nixsrv.com/lib/images/fileicons/jpeg.png]
[nixsrv.com/lib/images/fileicons/xlsx.png]
[nixsrv.com/lib/images/fileicons/rpm.png]
[nixsrv.com/lib/images/fileicons/pptx.png]
[nixsrv.com/lib/images/fileicons/sxi.png]
[nixsrv.com/lib/images/fileicons/tar.png]
[nixsrv.com/lib/images/fileicons/java.png]
[nixsrv.com/lib/images/fileicons/odg.png]
[nixsrv.com/lib/images/fileicons/html.png]
[nixsrv.com/lib/images/fileicons/csv.png]
[nixsrv.com/lib/images/fileicons/odi.png]
[nixsrv.com/lib/images/fileicons/odt.png]
[nixsrv.com/lib/images/fileicons/sxd.png]
[nixsrv.com/lib/images/fileicons/htm.png]
[nixsrv.com/lib/images/fileicons/rar.png]
[nixsrv.com/lib/images/fileicons/ogg.png]
[nixsrv.com/lib/images/fileicons/sxc.png]
[nixsrv.com/lib/images/fileicons/gz.png]
[nixsrv.com/lib/images/fileicons/php.png]
[nixsrv.com/lib/images/fileicons/bz2.png]
[nixsrv.com/lib/images/fileicons/gif.png]
[nixsrv.com/lib/images/fileicons/txt.png]
[nixsrv.com/lib/images/fileicons/mp3.png]
[nixsrv.com/lib/images/fileicons/js.png]
[nixsrv.com/lib/images/fileicons/xml.png]
[nixsrv.com/lib/images/fileicons/deb.png]
[nixsrv.com/lib/images/fileicons/cpp.png]
[nixsrv.com/lib/images/fileicons/cs.png]
[nixsrv.com/lib/images/fileicons/odf.png]
[nixsrv.com/lib/images/fileicons/pl.png]
[nixsrv.com/lib/images/fileicons/py.png]
[nixsrv.com/lib/images/fileicons/jpg.png]
[nixsrv.com/lib/images/fileicons/sxw.png]
[nixsrv.com/lib/images/fileicons/docx.png]
[nixsrv.com/lib/images/fileicons/swf.png]
[nixsrv.com/lib/images/fileicons/odc.png]
[nixsrv.com/lib/images/fileicons/audio.png]
[nixsrv.com/lib/images/fileicons/zip.png]
[nixsrv.com/lib/images/fileicons/png.png]
[nixsrv.com/lib/images/fileicons/pdf.png]
[nixsrv.com/lib/images/fileicons/wav.png]
[nixsrv.com/lib/images/fileicons/rtf.png]
[nixsrv.com/lib/images/fileicons/tgz.png]
[nixsrv.com/lib/images/fileicons/odp.png]
[nixsrv.com/lib/images/fileicons/ps.png]
[nixsrv.com/lib/images/fileicons/conf.png]
[nixsrv.com/lib/images/fileicons/doc.png]
[nixsrv.com/lib/images/fileicons/sql.png]
[nixsrv.com/lib/images/fileicons/7z.png]
[nixsrv.com/lib/images/fileicons/rb.png]
[nixsrv.com/lib/images/fileicons/css.png]
[nixsrv.com/lib/images/fileicons/ppt.png]
[nixsrv.com/lib/images/fileicons/ods.png]
[nixsrv.com/lib/images/fileicons/lua.png]
[nixsrv.com/lib/images/fileicons/xls.png]
[nixsrv.com/lib/images/fileicons/c.png]
[nixsrv.com/lib/images/fileicons/asm.png]
[nixsrv.com/lib/images/fileicons/bash.png]
[nixsrv.com/lib/images/fileicons/cc.png]
[nixsrv.com/lib/images/fileicons/csh.png]
[nixsrv.com/lib/images/fileicons/diff.png]
[nixsrv.com/lib/images/fileicons/h.png]
[nixsrv.com/lib/images/fileicons/hpp.png]
[nixsrv.com/lib/images/fileicons/ico.png]
[nixsrv.com/lib/images/fileicons/json.png]
[nixsrv.com/lib/images/fileicons/mp4.png]
[nixsrv.com/lib/images/fileicons/ogv.png]
[nixsrv.com/lib/images/fileicons/pas.png]
[nixsrv.com/lib/images/fileicons/sh.png]
[nixsrv.com/lib/images/fileicons/webm.png]
[nixsrv.com/lib/images/error.png]
[nixsrv.com/lib/images/info.png]
[nixsrv.com/lib/images/success.png]
[nixsrv.com/lib/images/notify.png]
[nixsrv.com/lib/scripts/jquery/jquery-ui-theme/images/animated-overlay.gif]
[nixsrv.com/lib/scripts/jquery/jquery-ui-theme/images/ui-bg_flat_75_ffffff_40x100.png]
[nixsrv.com/lib/scripts/jquery/jquery-ui-theme/images/ui-bg_highlight-soft_75_cccccc_1x100.png]
[nixsrv.com/lib/scripts/jquery/jquery-ui-theme/images/ui-bg_glass_75_e6e6e6_1x400.png]
[nixsrv.com/lib/scripts/jquery/jquery-ui-theme/images/ui-bg_glass_75_dadada_1x400.png]
[nixsrv.com/lib/scripts/jquery/jquery-ui-theme/images/ui-bg_glass_65_ffffff_1x400.png]
[nixsrv.com/lib/scripts/jquery/jquery-ui-theme/images/ui-bg_glass_55_fbf9ee_1x400.png]
[nixsrv.com/lib/scripts/jquery/jquery-ui-theme/images/ui-bg_glass_95_fef1ec_1x400.png]
[nixsrv.com/lib/scripts/jquery/jquery-ui-theme/images/ui-icons_222222_256x240.png]
[nixsrv.com/lib/scripts/jquery/jquery-ui-theme/images/ui-icons_888888_256x240.png]
[nixsrv.com/lib/scripts/jquery/jquery-ui-theme/images/ui-icons_454545_256x240.png]
[nixsrv.com/lib/scripts/jquery/jquery-ui-theme/images/ui-icons_2e83ff_256x240.png]
[nixsrv.com/lib/scripts/jquery/jquery-ui-theme/images/ui-icons_cd0a0a_256x240.png]
[nixsrv.com/lib/scripts/jquery/jquery-ui-theme/images/ui-bg_flat_0_aaaaaa_40x100.png]
[nixsrv.com/lib/plugins/code/img/plus-11x11.gif]
[nixsrv.com/lib/plugins/code/img/minus-11x11.gif]
[nixsrv.com/lib/plugins/acl/pix/group.png]
[nixsrv.com/lib/plugins/acl/pix/user.png]
[nixsrv.com/lib/plugins/acl/pix/page.png]
[nixsrv.com/lib/plugins/acl/pix/ns.png]
[nixsrv.com/lib/plugins/extension/images/overlay.png]
[nixsrv.com/lib/plugins/extension/images/tag.png]
[nixsrv.com/lib/plugins/extension/images/down.png]
[nixsrv.com/lib/plugins/extension/images/up.png]
[nixsrv.com/lib/plugins/extension/images/donate.png]
[nixsrv.com/lib/plugins/extension/images/enabled.png]
[nixsrv.com/lib/plugins/extension/images/disabled.png]
[nixsrv.com/lib/plugins/extension/images/warning.png]
[nixsrv.com/lib/tpl/vector/static/3rd/dokuwiki/resizecol.png]
[nixsrv.com/lib/images/icon-list.png]
[nixsrv.com/lib/images/icon-sort.png]
[nixsrv.com/lib/tpl/vector/static/3rd/dokuwiki/buttonshadow.png]
[nixsrv.com/lib/images/throbber.gif]
[nixsrv.com/lib/tpl/vector/static/3rd/dokuwiki/link_icon.gif]
[nixsrv.com/lib/tpl/vector/static/3rd/dokuwiki/windows.gif]
[nixsrv.com/lib/tpl/vector/static/3rd/dokuwiki/mail_icon.gif]
[nixsrv.com/lib/tpl/vector/static/3rd/dokuwiki/bullet.png]
[nixsrv.com/lib/tpl/vector/static/3rd/dokuwiki/open.png]
[nixsrv.com/lib/tpl/vector/static/3rd/dokuwiki/closed.png]
[nixsrv.com/lib/images/up.png]
[nixsrv.com/lib/images/page.png]
[nixsrv.com/lib/images/ns.png]
[nixsrv.com/lib/images/admin/acl.png]
[nixsrv.com/lib/images/admin/usermanager.png]
[nixsrv.com/lib/images/admin/plugin.png]
[nixsrv.com/lib/images/admin/config.png]
[nixsrv.com/lib/images/admin/revert.png]
[nixsrv.com/lib/images/admin/popularity.png]
[nixsrv.com/lib/tpl/vector/static/3rd/vector/page-base.png]
[nixsrv.com/lib/tpl/vector/static/3rd/vector/border.png]
[nixsrv.com/lib/tpl/vector/static/3rd/vector/page-fade.png]
[nixsrv.com/lib/tpl/vector/static/3rd/vector/tab-break.png]
[nixsrv.com/lib/tpl/vector/static/3rd/vector/tab-normal-fade.png]
[nixsrv.com/lib/tpl/vector/static/3rd/vector/tab-current-fade.png]
[nixsrv.com/lib/tpl/vector/static/3rd/vector/arrow-down-icon.png]
[nixsrv.com/lib/tpl/vector/static/3rd/vector/search-fade.png]
[nixsrv.com/lib/tpl/vector/static/3rd/vector/search-ltr.png]
[nixsrv.com/lib/tpl/vector/static/3rd/vector/portal-break.png]
[nixsrv.com/lib/tpl/vector/static/3rd/vector/preferences-break.png]
[nixsrv.com/lib/tpl/vector/static/3rd/vector/preferences-fade.png]
[nixsrv.com/lib/tpl/vector/static/3rd/vector/preferences-base.png]
[nixsrv.com/lib/tpl/vector/static/3rd/vector/bullet-icon.png]
[nixsrv.com/lib/tpl/vector/static/3rd/vector/external-link-ltr-icon.png]
[nixsrv.com/lib/tpl/vector/static/3rd/vector/lock-icon.png]
[nixsrv.com/lib/tpl/vector/static/3rd/vector/mail-icon.png]
[nixsrv.com/lib/tpl/vector/static/3rd/vector/news-icon.png]
[nixsrv.com/lib/tpl/vector/static/3rd/vector/file-icon.png]
[nixsrv.com/lib/tpl/vector/static/3rd/vector/talk-icon.png]
[nixsrv.com/lib/tpl/vector/images/audio-icon.html]
[nixsrv.com/lib/tpl/vector/images/video-icon.html]
[nixsrv.com/lib/tpl/vector/images/document-icon.html]
[nixsrv.com/lib/tpl/vector/static/3rd/vector/user-icon.png]
[nixsrv.com/lib/tpl/vector/static/3rd/vector/watch-icons.png]
[nixsrv.com/lib/tpl/vector/static/3rd/vector/watch-icon-loading.gif]
[nixsrv.com/lib/tpl/vector/static/3rd/dokuwiki/inputshadow.png]
[nixsrv.com/lib/tpl/vector/static/3rd/dokuwiki/images/open.html]
[nixsrv.com/lib/tpl/vector/static/3rd/dokuwiki/closed.gif]
[nixsrv.com/lib/exe/css0130.css]
[nixsrv.com/lib/tpl/vector/static/3rd/dokuwiki/tocdot2.gif]
[nixsrv.com/llthw/ex0decf.html]
[nixsrv.com/feedc71d.php]
[nixsrv.com/_export/xhtml/llthw/ex0.html]
[nixsrv.com/_export/raw/llthw/ex0.txt]
[nixsrv.com/llthw/ex0/manual.html]
[nixsrv.com/_detail/llthw/setup149f3.html]
[nixsrv.com/_media/llthw/setup1.png_;]
[nixsrv.com/_detail/llthw/setup249f3.html]
[nixsrv.com/_media/llthw/setup2.png_;]
[nixsrv.com/_detail/llthw/setup349f3.html]
[nixsrv.com/_media/llthw/setup3.png_;]
[nixsrv.com/_detail/llthw/setup449f3.html]
[nixsrv.com/_media/llthw/setup4.png_;]
[nixsrv.com/_detail/llthw/setup549f3.html]
[nixsrv.com/_media/llthw/setup5.png_;]
[nixsrv.com/_detail/llthw/setup649f3.html]
[nixsrv.com/_media/llthw/setup6.png_;]
[nixsrv.com/_detail/llthw/setup749f3.html]
[nixsrv.com/_media/llthw/setup7.png_;]
[nixsrv.com/llthw/ex0.html]
[nixsrv.com/lib/exe/indexerf6ca.gif]
[nixsrv.com/llthw/ex1decf.html]
[nixsrv.com/_export/xhtml/llthw/ex1.html]
[nixsrv.com/_export/raw/llthw/ex1.txt]
[nixsrv.com/kitten/vi.html]
[nixsrv.com/llthw/ex1.html]
[nixsrv.com/lib/exe/indexerab46.gif]
[nixsrv.com/llthw/ex2decf.html]
[nixsrv.com/_export/xhtml/llthw/ex2.html]
[nixsrv.com/_export/raw/llthw/ex2.txt]
[nixsrv.com/llthw/ex2.html]
[nixsrv.com/lib/exe/indexer9813.gif]
[nixsrv.com/llthw/ex3decf.html]
[nixsrv.com/_export/xhtml/llthw/ex3.html]
[nixsrv.com/_export/raw/llthw/ex3.txt]
[nixsrv.com/llthw/ex3.html]
[nixsrv.com/lib/exe/indexerf831.gif]
[nixsrv.com/llthw/ex4decf.html]
[nixsrv.com/_export/xhtml/llthw/ex4.html]
[nixsrv.com/_export/raw/llthw/ex4.txt]
[nixsrv.com/llthw/ex4.html]
[nixsrv.com/lib/exe/indexerf3c8.gif]
[nixsrv.com/llthw/ex5decf.html]
[nixsrv.com/_export/xhtml/llthw/ex5.html]
[nixsrv.com/_export/raw/llthw/ex5.txt]
[nixsrv.com/llthw/ex5.html]
[nixsrv.com/lib/exe/indexerda27.gif]
[nixsrv.com/llthw/ex6decf.html]
[nixsrv.com/_export/xhtml/llthw/ex6.html]
[nixsrv.com/_export/raw/llthw/ex6.txt]
[nixsrv.com/llthw/ex6.html]
[nixsrv.com/lib/exe/indexerf941.gif]
[nixsrv.com/llthw/ex7decf.html]
[nixsrv.com/_export/xhtml/llthw/ex7.html]
[nixsrv.com/_export/raw/llthw/ex7.txt]
[nixsrv.com/llthw/ex7.html]
[nixsrv.com/lib/exe/indexerea4f.gif]
[nixsrv.com/llthw/ex8decf.html]
[nixsrv.com/_export/xhtml/llthw/ex8.html]
[nixsrv.com/_export/raw/llthw/ex8.txt]
[nixsrv.com/_detail/llthw/570px-pipeline.svg8d84.html]
[nixsrv.com/_media/llthw/570px-pipeline.svg6639.png_;]
[nixsrv.com/llthw/ex8.html]
[nixsrv.com/lib/exe/indexere177.gif]
[nixsrv.com/llthw/ex9decf.html]
[nixsrv.com/_export/xhtml/llthw/ex9.html]
[nixsrv.com/_export/raw/llthw/ex9.txt]
[nixsrv.com/llthw/ex9.html]
[nixsrv.com/lib/exe/indexer7ea4.gif]
[nixsrv.com/llthw/ex10decf.html]
[nixsrv.com/_export/xhtml/llthw/ex10.html]
[nixsrv.com/_export/raw/llthw/ex10.txt]
[nixsrv.com/llthw/ex10.html]
[nixsrv.com/lib/exe/indexer33c7.gif]
[nixsrv.com/llthw/ex11decf.html]
[nixsrv.com/_export/xhtml/llthw/ex11.html]
[nixsrv.com/_export/raw/llthw/ex11.txt]
[nixsrv.com/llthw/ex11.html]
[nixsrv.com/lib/exe/indexer41c9.gif]
[nixsrv.com/llthw/ex12decf.html]
[nixsrv.com/_export/xhtml/llthw/ex12.html]
[nixsrv.com/_export/raw/llthw/ex12.txt]
[nixsrv.com/_detail/llthw/lesse407.html]
[nixsrv.com/_media/llthw/less2178.png_;]
[nixsrv.com/llthw/ex12.html]
[nixsrv.com/lib/exe/indexer82d0.gif]
[nixsrv.com/llthw/ex13decf.html]
[nixsrv.com/_export/xhtml/llthw/ex13.html]
[nixsrv.com/_export/raw/llthw/ex13.txt]
[nixsrv.com/llthw/ex13.html]
[nixsrv.com/lib/exe/indexer2076.gif]
[nixsrv.com/llthw/ex14decf.html]
[nixsrv.com/_export/xhtml/llthw/ex14.html]
[nixsrv.com/_export/raw/llthw/ex14.txt]
[nixsrv.com/llthw/ex14.html]
[nixsrv.com/lib/exe/indexer11bc.gif]
[nixsrv.com/llthw/ex15decf.html]
[nixsrv.com/_export/xhtml/llthw/ex15.html]
[nixsrv.com/_export/raw/llthw/ex15.txt]
[nixsrv.com/llthw/ex15.html]
[nixsrv.com/lib/exe/indexer79ff.gif]
[nixsrv.com/llthw/ex16decf.html]
[nixsrv.com/_export/xhtml/llthw/ex16.html]
[nixsrv.com/_export/raw/llthw/ex16.txt]
[nixsrv.com/llthw/ex16/signals.html]
[nixsrv.com/llthw/ex16.html]
[nixsrv.com/lib/exe/indexerd29d.gif]
[nixsrv.com/llthw/ex17decf.html]
[nixsrv.com/_export/xhtml/llthw/ex17.html]
[nixsrv.com/_export/raw/llthw/ex17.txt]
[nixsrv.com/llthw/ex17.html]
[nixsrv.com/lib/exe/indexer08c8.gif]
[nixsrv.com/llthw/ex18decf.html]
[nixsrv.com/_export/xhtml/llthw/ex18.html]
[nixsrv.com/_export/raw/llthw/ex18.txt]
[nixsrv.com/llthw/ex18.html]
[nixsrv.com/lib/exe/indexerce9b.gif]
[nixsrv.com/llthw/ex19decf.html]
[nixsrv.com/_export/xhtml/llthw/ex19.html]
[nixsrv.com/_export/raw/llthw/ex19.txt]
[nixsrv.com/llthw/ex19.html]
[nixsrv.com/lib/exe/indexer1f00.gif]
[nixsrv.com/llthw/ex20decf.html]
[nixsrv.com/_export/xhtml/llthw/ex20.html]
[nixsrv.com/_export/raw/llthw/ex20.txt]
[nixsrv.com/llthw/ex20.html]
[nixsrv.com/lib/exe/indexere8cb.gif]
[nixsrv.com/llthw/ex21decf.html]
[nixsrv.com/_export/xhtml/llthw/ex21.html]
[nixsrv.com/_export/raw/llthw/ex21.txt]
[nixsrv.com/lib/exe/indexer15eb.gif]
[nixsrv.com/llthw/ex21.html]
[nixsrv.com/llthw/ex22decf.html]
[nixsrv.com/_export/xhtml/llthw/ex22.html]
[nixsrv.com/_export/raw/llthw/ex22.txt]
[nixsrv.com/llthw/ex22.html]
[nixsrv.com/lib/exe/indexerd184.gif]
[nixsrv.com/llthw/ex23decf.html]
[nixsrv.com/_export/xhtml/llthw/ex23.html]
[nixsrv.com/_export/raw/llthw/ex23.txt]
[nixsrv.com/llthw/ex23.html]
[nixsrv.com/lib/exe/indexer4a4f.gif]
[nixsrv.com/llthw/ex24decf.html]
[nixsrv.com/_export/raw/llthw/ex24.txt]
[nixsrv.com/_export/xhtml/llthw/ex24.html]
[nixsrv.com/llthw/ex24.html]
[nixsrv.com/lib/exe/indexer8710.gif]
[nixsrv.com/llthw/ex25decf.html]
[nixsrv.com/_export/xhtml/llthw/ex25.html]
[nixsrv.com/_export/raw/llthw/ex25.txt]
[nixsrv.com/llthw/ex25.html]
[nixsrv.com/lib/exe/indexer2b85.gif]
[nixsrv.com/llthw/ex26decf.html]
[nixsrv.com/_export/xhtml/llthw/ex26.html]
[nixsrv.com/_export/raw/llthw/ex26.txt]
[nixsrv.com/www.visualland.net.cn/start.html]
[nixsrv.com/llthw/ex26/log.html]
[nixsrv.com/llthw/ex26.html]
[nixsrv.com/lib/exe/indexer8bda.gif]
[nixsrv.com/llthw/ex27decf.html]
[nixsrv.com/_export/xhtml/llthw/ex27.html]
[nixsrv.com/_export/raw/llthw/ex27.txt]
[nixsrv.com/cdn-cgi/l/email-protection.html]
[nixsrv.com/llthw/ex27.html]
[nixsrv.com/lib/exe/indexer27a5.gif]
[nixsrv.com/llthw/ex28decf.html]
[nixsrv.com/_export/xhtml/llthw/ex28.html]
[nixsrv.com/_export/raw/llthw/ex28.txt]
[nixsrv.com/llthw/ex28.html]
[nixsrv.com/lib/exe/indexera7fb.gif]
[nixsrv.com/llthw/ex29decf.html]
[nixsrv.com/_export/xhtml/llthw/ex29.html]
[nixsrv.com/_export/raw/llthw/ex29.txt]
[nixsrv.com/llthw/ex29.html]
[nixsrv.com/lib/exe/indexerefc1.gif]
[nixsrv.com/llthw/ex30decf.html]
[nixsrv.com/_export/xhtml/llthw/ex30.html]
[nixsrv.com/_export/raw/llthw/ex30.txt]
[nixsrv.com/llthw/ex30.html]
[nixsrv.com/lib/exe/indexerb142.gif]
[nixsrv.com/llthw/nextdecf.html]
[nixsrv.com/_export/xhtml/llthw/next.html]
[nixsrv.com/_export/raw/llthw/next.txt]
[nixsrv.com/llthw/next.html]
[nixsrv.com/lib/exe/indexer69c9.gif]
[nixsrv.com/kitten/utils.js]
[nixsrv.com/kitten/term.js]
[nixsrv.com/kitten/cpux86.js]
[nixsrv.com/kitten/jslinux.js]
[nixsrv.com/kitten/news.html]
[nixsrv.com/kitten/faq.html]
[nixsrv.com/kitten/tech.html]
[nixsrv.com/kitten/index.html]
[nixsrv.com/lib/exe/csseac0.css]
[nixsrv.com/_media/llthw/howtohackdbfce7.png_;]
[nixsrv.com/lib/exe/jsfb31.php]
[nixsrv.com/_media/llthw/howtohackdb4466.png_;]
[nixsrv.com/_detail/llthw/howtohackdb6581.html]
[nixsrv.com/lib/exe/indexera39c.gif]
[nixsrv.com/start.html]
[nixsrv.com/startdecf.html]
[nixsrv.com/_export/xhtml/start.html]
[nixsrv.com/lib/exe/indexer7130.gif]
[nixsrv.com/indexe076.html]
[nixsrv.com/doc/apparmordecf.html]
[nixsrv.com/feedafd0.php]
[nixsrv.com/_export/xhtml/doc/apparmor.html]
[nixsrv.com/_export/raw/doc/apparmor.txt]
[nixsrv.com/doc/apparmor.html]
[nixsrv.com/lib/exe/indexerc212.gif]
[nixsrv.com/doc/aptitudedecf.html]
[nixsrv.com/_export/xhtml/doc/aptitude.html]
[nixsrv.com/_export/raw/doc/aptitude.txt]
[nixsrv.com/doc/aptitude.html]
[nixsrv.com/lib/exe/indexera6a0.gif]
[nixsrv.com/doc/arpdecf.html]
[nixsrv.com/_export/xhtml/doc/arp.html]
[nixsrv.com/_export/raw/doc/arp.txt]
[nixsrv.com/doc/arp.html]
[nixsrv.com/lib/exe/indexer8e26.gif]
[nixsrv.com/doc/awkdecf.html]
[nixsrv.com/_export/xhtml/doc/awk.html]
[nixsrv.com/_export/raw/doc/awk.txt]
[nixsrv.com/doc/awk.html]
[nixsrv.com/lib/exe/indexer0d4e.gif]
[nixsrv.com/doc/chefdecf.html]
[nixsrv.com/_export/xhtml/doc/chef.html]
[nixsrv.com/_export/raw/doc/chef.txt]
[nixsrv.com/doc/chef.html]
[nixsrv.com/lib/exe/indexera278.gif]
[nixsrv.com/doc/chef_rubydecf.html]
[nixsrv.com/_export/xhtml/doc/chef_ruby.html]
[nixsrv.com/_export/raw/doc/chef_ruby.txt]
[nixsrv.com/doc/chef_ruby.html]
[nixsrv.com/lib/exe/indexer4e4f.gif]
[nixsrv.com/doc/cryptsetup_luksdecf.html]
[nixsrv.com/_export/xhtml/doc/cryptsetup_luks.html]
[nixsrv.com/_export/raw/doc/cryptsetup_luks.txt]
[nixsrv.com/doc/cryptsetup_luks.html]
[nixsrv.com/lib/exe/indexerdead.gif]
[nixsrv.com/doc/diskless_ubuntudecf.html]
[nixsrv.com/_export/xhtml/doc/diskless_ubuntu.html]
[nixsrv.com/_export/raw/doc/diskless_ubuntu.txt]
[nixsrv.com/doc/diskless_ubuntu.html]
[nixsrv.com/lib/exe/indexere91e.gif]
[nixsrv.com/doc/drbddecf.html]
[nixsrv.com/_export/xhtml/doc/drbd.html]
[nixsrv.com/_export/raw/doc/drbd.txt]
[nixsrv.com/doc/drbd.html]
[nixsrv.com/lib/exe/indexer69fe.gif]
[nixsrv.com/doc/emacs_configdecf.html]
[nixsrv.com/_export/xhtml/doc/emacs_config.html]
[nixsrv.com/_export/raw/doc/emacs_config.txt]
[nixsrv.com/doc/emacs_config.html]
[nixsrv.com/lib/exe/indexer28ea.gif]
[nixsrv.com/doc/email_notify_logindecf.html]
[nixsrv.com/_export/xhtml/doc/email_notify_login.html]
[nixsrv.com/_export/raw/doc/email_notify_login.txt]
[nixsrv.com/doc/email_notify_login.html]
[nixsrv.com/lib/exe/indexera1fe.gif]
[nixsrv.com/doc/gitdecf.html]
[nixsrv.com/_export/xhtml/doc/git.html]
[nixsrv.com/_export/raw/doc/git.txt]
[nixsrv.com/doc/git.html]
[nixsrv.com/lib/exe/indexere7a0.gif]
[nixsrv.com/doc/gmail_monospaced_fontdecf.html]
[nixsrv.com/_export/xhtml/doc/gmail_monospaced_font.html]
[nixsrv.com/_export/raw/doc/gmail_monospaced_font.txt]
[nixsrv.com/doc/gmail_monospaced_font.html]
[nixsrv.com/lib/exe/indexer0349.gif]
[nixsrv.com/doc/grubdecf.html]
[nixsrv.com/_export/xhtml/doc/grub.html]
[nixsrv.com/_export/raw/doc/grub.txt]
[nixsrv.com/doc/grub.html]
[nixsrv.com/lib/exe/indexer14f5.gif]
[nixsrv.com/doc/gvimdecf.html]
[nixsrv.com/_export/xhtml/doc/gvim.html]
[nixsrv.com/_export/raw/doc/gvim.txt]
[nixsrv.com/doc/gvim.html]
[nixsrv.com/lib/exe/indexerbf1b.gif]
[nixsrv.com/doc/iptablesdecf.html]
[nixsrv.com/_export/xhtml/doc/iptables.html]
[nixsrv.com/_export/raw/doc/iptables.txt]
[nixsrv.com/doc/iptables.html]
[nixsrv.com/lib/exe/indexerbfae.gif]
[nixsrv.com/doc/irssidecf.html]
[nixsrv.com/_export/xhtml/doc/irssi.html]
[nixsrv.com/_export/raw/doc/irssi.txt]
[nixsrv.com/doc/irssi.html]
[nixsrv.com/lib/exe/indexer821c.gif]
[nixsrv.com/doc/jailsdecf.html]
[nixsrv.com/_export/xhtml/doc/jails.html]
[nixsrv.com/_export/raw/doc/jails.txt]
[nixsrv.com/doc/jails.html]
[nixsrv.com/lib/exe/indexer232d.gif]
[nixsrv.com/doc/kvmdecf.html]
[nixsrv.com/_export/xhtml/doc/kvm.html]
[nixsrv.com/_export/raw/doc/kvm.txt]
[nixsrv.com/doc/kvm.html]
[nixsrv.com/lib/exe/indexerb855.gif]
[nixsrv.com/doc/lbdbqdecf.html]
[nixsrv.com/_export/xhtml/doc/lbdbq.html]
[nixsrv.com/_export/raw/doc/lbdbq.txt]
[nixsrv.com/doc/lbdbq.html]
[nixsrv.com/lib/exe/indexera03a.gif]
[nixsrv.com/doc/luksdecf.html]
[nixsrv.com/_export/xhtml/doc/luks.html]
[nixsrv.com/_export/raw/doc/luks.txt]
[nixsrv.com/doc/luks.html]
[nixsrv.com/lib/exe/indexer188b.gif]
[nixsrv.com/doc/lxcdecf.html]
[nixsrv.com/_export/xhtml/doc/lxc.html]
[nixsrv.com/_export/raw/doc/lxc.txt]
[nixsrv.com/doc/lxc.html]
[nixsrv.com/lib/exe/indexer71a9.gif]
[nixsrv.com/doc/mdadmdecf.html]
[nixsrv.com/_export/xhtml/doc/mdadm.html]
[nixsrv.com/_export/raw/doc/mdadm.txt]
[nixsrv.com/doc/mdadm.html]
[nixsrv.com/lib/exe/indexera1ad.gif]
[nixsrv.com/doc/mountdecf.html]
[nixsrv.com/_export/xhtml/doc/mount.html]
[nixsrv.com/_export/raw/doc/mount.txt]
[nixsrv.com/doc/mount.html]
[nixsrv.com/lib/exe/indexer4104.gif]
[nixsrv.com/doc/ocfs2decf.html]
[nixsrv.com/_export/xhtml/doc/ocfs2.html]
[nixsrv.com/_export/raw/doc/ocfs2.txt]
[nixsrv.com/doc/ocfs2.html]
[nixsrv.com/lib/exe/indexer6da1.gif]
[nixsrv.com/doc/openldapdecf.html]
[nixsrv.com/_export/xhtml/doc/openldap.html]
[nixsrv.com/_export/raw/doc/openldap.txt]
[nixsrv.com/doc/openldap.html]
[nixsrv.com/lib/exe/indexer0af0.gif]
[nixsrv.com/doc/openvpndecf.html]
[nixsrv.com/_export/xhtml/doc/openvpn.html]
[nixsrv.com/_export/raw/doc/openvpn.txt]
[nixsrv.com/doc/openvpn.html]
[nixsrv.com/lib/exe/indexer17a9.gif]
[nixsrv.com/doc/postgresqldecf.html]
[nixsrv.com/_export/xhtml/doc/postgresql.html]
[nixsrv.com/_export/raw/doc/postgresql.txt]
[nixsrv.com/doc/postgresql.html]
[nixsrv.com/lib/exe/indexer47dd.gif]
[nixsrv.com/doc/rt_installationdecf.html]
[nixsrv.com/_export/xhtml/doc/rt_installation.html]
[nixsrv.com/_export/raw/doc/rt_installation.txt]
[nixsrv.com/doc/rt_installation.html]
[nixsrv.com/lib/exe/indexer1803.gif]
[nixsrv.com/doc/selinuxdecf.html]
[nixsrv.com/_export/xhtml/doc/selinux.html]
[nixsrv.com/_export/raw/doc/selinux.txt]
[nixsrv.com/doc/selinux.html]
[nixsrv.com/lib/exe/indexerac65.gif]
[nixsrv.com/doc/sendmaildecf.html]
[nixsrv.com/_export/xhtml/doc/sendmail.html]
[nixsrv.com/_export/raw/doc/sendmail.txt]
[nixsrv.com/doc/sendmail.html]
[nixsrv.com/lib/exe/indexerc14a.gif]
[nixsrv.com/doc/server_interactiondecf.html]
[nixsrv.com/_export/xhtml/doc/server_interaction.html]
[nixsrv.com/_export/raw/doc/server_interaction.txt]
[nixsrv.com/doc/server_interaction.html]
[nixsrv.com/lib/exe/indexerc4c6.gif]
[nixsrv.com/doc/snoopyloggerdecf.html]
[nixsrv.com/_export/xhtml/doc/snoopylogger.html]
[nixsrv.com/_export/raw/doc/snoopylogger.txt]
[nixsrv.com/doc/snoopylogger.html]
[nixsrv.com/lib/exe/indexer33c4.gif]
[nixsrv.com/doc/sqlitedecf.html]
[nixsrv.com/_export/xhtml/doc/sqlite.html]
[nixsrv.com/_export/raw/doc/sqlite.txt]
[nixsrv.com/doc/sqlite.html]
[nixsrv.com/lib/exe/indexer7dcb.gif]
[nixsrv.com/doc/srv_doc_templatedecf.html]
[nixsrv.com/_export/xhtml/doc/srv_doc_template.html]
[nixsrv.com/_export/raw/doc/srv_doc_template.txt]
[nixsrv.com/doc/srv_doc_template.html]
[nixsrv.com/lib/exe/indexer171f.gif]
[nixsrv.com/doc/srv_monitoring_exampledecf.html]
[nixsrv.com/_export/xhtml/doc/srv_monitoring_example.html]
[nixsrv.com/_export/raw/doc/srv_monitoring_example.txt]
[nixsrv.com/_detail/doc/monitoring1d80.html]
[nixsrv.com/_media/doc/monitoring88d8.png_;]
[nixsrv.com/doc/srv_monitoring_example.html]
[nixsrv.com/lib/exe/indexercf84.gif]
[nixsrv.com/doc/srv_proxmoxdecf.html]
[nixsrv.com/_export/xhtml/doc/srv_proxmox.html]
[nixsrv.com/_export/raw/doc/srv_proxmox.txt]
[nixsrv.com/doc/srv_proxmox.html]
[nixsrv.com/lib/exe/indexer5ac1.gif]
[nixsrv.com/doc/sshdecf.html]
[nixsrv.com/_export/xhtml/doc/ssh.html]
[nixsrv.com/_export/raw/doc/ssh.txt]
[nixsrv.com/doc/ssh.html]
[nixsrv.com/lib/exe/indexer62cc.gif]
[nixsrv.com/doc/sysdig_auditddecf.html]
[nixsrv.com/_export/xhtml/doc/sysdig_auditd.html]
[nixsrv.com/_export/raw/doc/sysdig_auditd.txt]
[nixsrv.com/doc/sysdig_auditd.html]
[nixsrv.com/lib/exe/indexere7a0-2.gif]
[nixsrv.com/doc/thunderbirddecf.html]
[nixsrv.com/_export/xhtml/doc/thunderbird.html]
[nixsrv.com/_export/raw/doc/thunderbird.txt]
[nixsrv.com/doc/thunderbird.html]
[nixsrv.com/lib/exe/indexerb1cd.gif]
[nixsrv.com/doc/vimrcdecf.html]
[nixsrv.com/_export/xhtml/doc/vimrc.html]
[nixsrv.com/_export/raw/doc/vimrc.txt]
[nixsrv.com/doc/vimrc.html]
[nixsrv.com/lib/exe/indexer6ec2.gif]
[nixsrv.com/doc/wordpress_update_via_sshdecf.html]
[nixsrv.com/_export/xhtml/doc/wordpress_update_via_ssh.html]
[nixsrv.com/_export/raw/doc/wordpress_update_via_ssh.txt]
[nixsrv.com/doc/wordpress_update_via_ssh.html]
[nixsrv.com/lib/exe/indexer96ae.gif]
[nixsrv.com/doc/xvfbdecf.html]
[nixsrv.com/_export/xhtml/doc/xvfb.html]
[nixsrv.com/_export/raw/doc/xvfb.txt]
[nixsrv.com/doc/xvfb.html]
[nixsrv.com/lib/exe/indexerb02d.gif]
[nixsrv.com/doc/zabbixdecf.html]
[nixsrv.com/_export/xhtml/doc/zabbix.html]
[nixsrv.com/_export/raw/doc/zabbix.txt]
[nixsrv.com/doc/zabbix.html]
[nixsrv.com/lib/exe/indexerb9f1.gif]
[nixsrv.com/shell/256colorsdecf.html]
[nixsrv.com/feede02b.php]
[nixsrv.com/_export/xhtml/shell/256colors.html]
[nixsrv.com/_export/raw/shell/256colors.txt]
[nixsrv.com/shell/256colors.html]
[nixsrv.com/lib/exe/indexerfe69.gif]
[nixsrv.com/shell/bashdecf.html]
[nixsrv.com/_export/xhtml/shell/bash.html]
[nixsrv.com/_export/raw/shell/bash.txt]
[nixsrv.com/shell/bash.html]
[nixsrv.com/lib/exe/indexerd1a9.gif]
[nixsrv.com/shell/command_listdecf.html]
[nixsrv.com/_export/xhtml/shell/command_list.html]
[nixsrv.com/_export/raw/shell/command_list.txt]
[nixsrv.com/shell/command_list.html]
[nixsrv.com/lib/exe/indexerd300.gif]
[nixsrv.com/shell/filtersdecf.html]
[nixsrv.com/_export/xhtml/shell/filters.html]
[nixsrv.com/_export/raw/shell/filters.txt]
[nixsrv.com/shell/filters.html]
[nixsrv.com/lib/exe/indexer7c33.gif]
[nixsrv.com/shell/man_colorsdecf.html]
[nixsrv.com/_export/xhtml/shell/man_colors.html]
[nixsrv.com/_export/raw/shell/man_colors.txt]
[nixsrv.com/shell/man_colors.html]
[nixsrv.com/lib/exe/indexerf3d9.gif]
[nixsrv.com/shell/screendecf.html]
[nixsrv.com/_export/xhtml/shell/screen.html]
[nixsrv.com/_export/raw/shell/screen.txt]
[nixsrv.com/shell/screen.html]
[nixsrv.com/lib/exe/indexerdf05.gif]
[nixsrv.com/shell/spellbookdecf.html]
[nixsrv.com/_export/xhtml/shell/spellbook.html]
[nixsrv.com/_export/raw/shell/spellbook.txt]
[nixsrv.com/shell/spellbook.html]
[nixsrv.com/lib/exe/indexer6976.gif]
[nixsrv.com/shell/tmuxdecf.html]
[nixsrv.com/_export/xhtml/shell/tmux.html]
[nixsrv.com/_export/raw/shell/tmux.txt]
[nixsrv.com/shell/tmux.html]
[nixsrv.com/lib/exe/indexerf9f8.gif]
[nixsrv.com/py/classesdecf.html]
[nixsrv.com/feedbe43.php]
[nixsrv.com/_export/xhtml/py/classes.html]
[nixsrv.com/_export/raw/py/classes.txt]
[nixsrv.com/py/classes.html]
[nixsrv.com/lib/exe/indexer1fb6.gif]
[nixsrv.com/py/dictionariesdecf.html]
[nixsrv.com/_export/xhtml/py/dictionaries.html]
[nixsrv.com/_export/raw/py/dictionaries.txt]
[nixsrv.com/py/dictionaries.html]
[nixsrv.com/lib/exe/indexer8b39.gif]
[nixsrv.com/py/maindecf.html]
[nixsrv.com/_export/xhtml/py/main.html]
[nixsrv.com/_export/raw/py/main.txt]
[nixsrv.com/py/main.html]
[nixsrv.com/lib/exe/indexerb5e7.gif]
[nixsrv.com/py/symbolsdecf.html]
[nixsrv.com/_export/xhtml/py/symbols.html]
[nixsrv.com/_export/raw/py/symbols.txt]
[nixsrv.com/py/symbols.html]
[nixsrv.com/lib/exe/indexer7b57.gif]
[nixsrv.com/scripts/cputime_totaldecf.html]
[nixsrv.com/feed8b11.php]
[nixsrv.com/_export/xhtml/scripts/cputime_total.html]
[nixsrv.com/_export/raw/scripts/cputime_total.txt]
[nixsrv.com/scripts/cputime_total.html]
[nixsrv.com/lib/exe/indexer76f5.gif]
[nixsrv.com/scripts/launcherdecf.html]
[nixsrv.com/_export/xhtml/scripts/launcher.html]
[nixsrv.com/_export/raw/scripts/launcher.txt]
[nixsrv.com/scripts/launcher.html]
[nixsrv.com/lib/exe/indexer2fa7.gif]
[nixsrv.com/scripts/p2vdecf.html]
[nixsrv.com/_export/xhtml/scripts/p2v.html]
[nixsrv.com/_export/raw/scripts/p2v.txt]
[nixsrv.com/scripts/p2v.html]
[nixsrv.com/lib/exe/indexer7e02.gif]
[nixsrv.com/scripts/rsync_backupdecf.html]
[nixsrv.com/_export/xhtml/scripts/rsync_backup.html]
[nixsrv.com/_export/raw/scripts/rsync_backup.txt]
[nixsrv.com/scripts/rsync_backup.html]
[nixsrv.com/lib/exe/indexere2b7.gif]
[nixsrv.com/scripts/vim_keymapdecf.html]
[nixsrv.com/_export/xhtml/scripts/vim_keymap.html]
[nixsrv.com/_export/raw/scripts/vim_keymap.txt]
[nixsrv.com/scripts/vim_keymap.html]
[nixsrv.com/lib/exe/indexerea30.gif]
[nixsrv.com/scripts/vm_consoledecf.html]
[nixsrv.com/_export/xhtml/scripts/vm_console.html]
[nixsrv.com/_export/raw/scripts/vm_console.txt]
[nixsrv.com/_detail/scripts/vm_console1c32.html]
[nixsrv.com/_media/scripts/vm_consolea090.png_;]
[nixsrv.com/scripts/vm_console.html]
[nixsrv.com/lib/exe/indexer76e2.gif]
[nixsrv.com/snippets/docuwikidecf.html]
[nixsrv.com/feed9adb.php]
[nixsrv.com/_export/xhtml/snippets/docuwiki.html]
[nixsrv.com/_export/raw/snippets/docuwiki.txt]
[nixsrv.com/snippets/docuwiki.html]
[nixsrv.com/lib/exe/indexercd58.gif]
[nixsrv.com/playground/playgrounddecf.html]
[nixsrv.com/feed287a.php]
[nixsrv.com/playground/playground39b4.html]
[nixsrv.com/_export/xhtml/playground/playground.html]
[nixsrv.com/_export/raw/playground/playground.txt]
[nixsrv.com/playground/playground.html]
[nixsrv.com/lib/exe/indexer5d6d.gif]
[nixsrv.com/lib/tpl/vector/images/audio-icondecf.html]
[nixsrv.com/feed765c.php]
[nixsrv.com/_export/xhtml/lib/tpl/vector/images/audio-icon.html]
[nixsrv.com/_export/raw/lib/tpl/vector/images/audio-icon.html]
[nixsrv.com/lib/tpl/vector/images/audio-icon.html]
[nixsrv.com/lib/exe/indexer953f.gif]
[nixsrv.com/lib/tpl/vector/images/video-icondecf.html]
[nixsrv.com/_export/xhtml/lib/tpl/vector/images/video-icon.html]
[nixsrv.com/_export/raw/lib/tpl/vector/images/video-icon.html]
[nixsrv.com/lib/tpl/vector/images/video-icon.html]
[nixsrv.com/lib/exe/indexer2f67.gif]
[nixsrv.com/lib/tpl/vector/images/document-icondecf.html]
[nixsrv.com/_export/xhtml/lib/tpl/vector/images/document-icon.html]
[nixsrv.com/_export/raw/lib/tpl/vector/images/document-icon.html]
[nixsrv.com/lib/tpl/vector/images/document-icon.html]
[nixsrv.com/lib/exe/indexer874f.gif]
[nixsrv.com/lib/tpl/vector/static/3rd/dokuwiki/images/opendecf.html]
[nixsrv.com/feede32d.php]
[nixsrv.com/_export/xhtml/lib/tpl/vector/static/3rd/dokuwiki/images/open.html]
[nixsrv.com/_export/raw/lib/tpl/vector/static/3rd/dokuwiki/images/open.html]
[nixsrv.com/lib/tpl/vector/static/3rd/dokuwiki/images/open.html]
[nixsrv.com/llthw/ex0decf.html]
[nixsrv.com/_export/xhtml/llthw/ex0.html]
[nixsrv.com/lib/exe/indexerd3c9.gif]
[nixsrv.com/llthw/ex0/manualdecf.html]
[nixsrv.com/feedba58.php]
[nixsrv.com/_export/xhtml/llthw/ex0/manual.html]
[nixsrv.com/_export/raw/llthw/ex0/manual.txt]
[nixsrv.com/_detail/llthw/ex0/1f12f.html]
[nixsrv.com/_media/llthw/ex0/1.png_;]
[nixsrv.com/_detail/llthw/ex0/2f12f.html]
[nixsrv.com/_media/llthw/ex0/2.png_;]
[nixsrv.com/_detail/llthw/ex0/4f12f.html]
[nixsrv.com/_media/llthw/ex0/4.png_;]
[nixsrv.com/_detail/llthw/ex0/5f12f.html]
[nixsrv.com/_media/llthw/ex0/5.png_;]
[nixsrv.com/_detail/llthw/ex0/6f12f.html]
[nixsrv.com/_media/llthw/ex0/6.png_;]
[nixsrv.com/_detail/llthw/ex0/7f12f.html]
[nixsrv.com/_media/llthw/ex0/7.png_;]
[nixsrv.com/_detail/llthw/ex0/8f12f.html]
[nixsrv.com/_media/llthw/ex0/8.png_;]
[nixsrv.com/_detail/llthw/ex0/9f12f.html]
[nixsrv.com/_media/llthw/ex0/9.png_;]
[nixsrv.com/_detail/llthw/ex0/10f12f.html]
[nixsrv.com/_media/llthw/ex0/10.png_;]
[nixsrv.com/_detail/llthw/ex0/11f12f.html]
[nixsrv.com/_media/llthw/ex0/11.png_;]
[nixsrv.com/_detail/llthw/ex0/12f12f.html]
[nixsrv.com/_media/llthw/ex0/12.png_;]
[nixsrv.com/_detail/llthw/ex0/13f12f.html]
[nixsrv.com/_media/llthw/ex0/13.png_;]
[nixsrv.com/_detail/llthw/ex0/14f12f.html]
[nixsrv.com/_media/llthw/ex0/14.png_;]
[nixsrv.com/_detail/llthw/ex0/15f12f.html]
[nixsrv.com/_media/llthw/ex0/15.png_;]
[nixsrv.com/_detail/llthw/ex0/16f12f.html]
[nixsrv.com/_media/llthw/ex0/16.png_;]
[nixsrv.com/_detail/llthw/ex0/17f12f.html]
[nixsrv.com/_media/llthw/ex0/17.png_;]
[nixsrv.com/_detail/llthw/ex0/18f12f.html]
[nixsrv.com/_media/llthw/ex0/18.png_;]
[nixsrv.com/_detail/llthw/ex0/19f12f.html]
[nixsrv.com/_media/llthw/ex0/19.png_;]
[nixsrv.com/_detail/llthw/ex0/20f12f.html]
[nixsrv.com/_media/llthw/ex0/20.png_;]
[nixsrv.com/_detail/llthw/ex0/21f12f.html]
[nixsrv.com/_media/llthw/ex0/21.png_;]
[nixsrv.com/_detail/llthw/ex0/22f12f.html]
[nixsrv.com/_media/llthw/ex0/22.png_;]
[nixsrv.com/_detail/llthw/ex0/23f12f.html]
[nixsrv.com/_media/llthw/ex0/23.png_;]
[nixsrv.com/_detail/llthw/ex0/24f12f.html]
[nixsrv.com/_media/llthw/ex0/24.png_;]
[nixsrv.com/_detail/llthw/ex0/25f12f.html]
[nixsrv.com/_media/llthw/ex0/25.png_;]
[nixsrv.com/_detail/llthw/ex0/26f12f.html]
[nixsrv.com/_media/llthw/ex0/26.png_;]
[nixsrv.com/_detail/llthw/ex0/27f12f.html]
[nixsrv.com/_media/llthw/ex0/27.png_;]
[nixsrv.com/_detail/llthw/ex0/28f12f.html]
[nixsrv.com/_media/llthw/ex0/28.png_;]
[nixsrv.com/_detail/llthw/ex0/29f12f.html]
[nixsrv.com/_media/llthw/ex0/29.png_;]
[nixsrv.com/_detail/llthw/ex0/30f12f.html]
[nixsrv.com/_media/llthw/ex0/30.png_;]
[nixsrv.com/_detail/llthw/ex0/31f12f.html]
[nixsrv.com/_media/llthw/ex0/31.png_;]
[nixsrv.com/_detail/llthw/ex0/32f12f.html]
[nixsrv.com/_media/llthw/ex0/32.png_;]
[nixsrv.com/_detail/llthw/ex0/33f12f.html]
[nixsrv.com/_media/llthw/ex0/33.png_;]
[nixsrv.com/_detail/llthw/ex0/34f12f.html]
[nixsrv.com/_media/llthw/ex0/34.png_;]
[nixsrv.com/_detail/llthw/ex0/35f12f.html]
[nixsrv.com/_media/llthw/ex0/35.png_;]
[nixsrv.com/_detail/llthw/ex0/36f12f.html]
[nixsrv.com/_media/llthw/ex0/36.png_;]
[nixsrv.com/_detail/llthw/ex0/37f12f.html]
[nixsrv.com/_media/llthw/ex0/37.png_;]
[nixsrv.com/_detail/llthw/ex0/38f12f.html]
[nixsrv.com/_media/llthw/ex0/38.png_;]
